# Feed begin ######################
# Image begin #####################
url: #http://example.com/favicon.ico#
# Image end #######################
# Feed end ########################