# Feed begin ######################
title: #A Qt Blog#
link: #http://www.blogistan.co.uk/qt/#
description: #The blog where it&apos;s OK to feed the Trolls#
# Item begin ######################
id: #tag:www.blogistan.co.uk,2006:/qt//1.2692#
title: #KBarcode 2.0.0 released#
link: #http://www.blogistan.co.uk/qt/2006/03/kbarcode_200_released.php#
description: #From KDE Apps: Version 2.0.0 of KBarcode, a KDE application for barcode and label printing, has been released. New features include printing from data sources including SQL queries, CSV files and the KDE address book, JavaScript support, new barcode formats,...#
content: #<p><a title="ï¿½KBarcode KDE-Apps.org" href="http://www.kde-apps.org/content/show.php?content=9924">From KDE Apps</a>:</p>

<p>Version 2.0.0 of <a href="http://www.kbarcode.net/">KBarcode</a>, a KDE application for barcode and label printing, has been released.  New features include printing from data sources including SQL queries, CSV files and the KDE address book, JavaScript support, new barcode formats, batch printing configured through a wizard, and a rewritten PDF manual.  Downloads (source, SUSE 10 and FC3 RPM) <a href="http://www.kbarcode.net/Stable.6.0.html">here</a>, screenshots <a href="http://www.kbarcode.net/Screenshots.29.0.html">here</a>.  Requires KDE 3.3.</p>#
datePublished: #Thu Mar 16 02:06:27 2006#
dateUpdated: #Thu Mar 16 02:06:27 2006#
# Person begin ####################
name: #Indigo Jo#
uri: #http://www.blogistan.co.uk/blog/#
# Person end ######################
# Category begin ##################
term: #KDE Apps#
# Category end ####################
# Item end ########################
# Item begin ######################
id: #tag:www.blogistan.co.uk,2006:/qt//1.2691#
title: #Akademy 2006 will be in Dublin#
link: #http://www.blogistan.co.uk/qt/2006/03/akademy_2006_will_be_in_dublin.php#
description: #From KDE Apps: The annual KDE world summit, Akademy, will be held at Trinity College in Dublin, Republic of Ireland, from 23rd to 30th September. The event will consist of a contributors&apos; conference, the KDE e.V. AGM, and a five-day...#
content: #<p><a title="Akademy 2006 is in Dublin this September" href="http://dot.kde.org/1142439906/">From KDE Apps</a>:</p>

<p>The annual KDE world summit, Akademy, will be held at <a href="http://www.tcd.ie/">Trinity College</a> in Dublin, Republic of Ireland, from 23rd to 30th September.  The event will consist of a contributors' conference, the <a href="http://ev.kde.org/">KDE e.V.</a> AGM, and a five-day hacking session with workshops (26th-30th).  The conference will be organised by Marcus Furlong who has organised a GUADEC in Dublin in the past and "contributes to KDE by taking a sh*tload of work on him".</p>#
datePublished: #Thu Mar 16 00:13:56 2006#
dateUpdated: #Thu Mar 16 00:13:56 2006#
# Person begin ####################
name: #Indigo Jo#
uri: #http://www.blogistan.co.uk/blog/#
# Person end ######################
# Category begin ##################
term: #Events#
# Category end ####################
# Category begin ##################
term: #KDE Community#
# Category end ####################
# Item end ########################
# Feed end ########################

